-----------------------------------------------------------------------------------------------------------------------------------------------------------------------------------
      name:  <unnamed>
       log:  U:\classes\gu_macrometrics\ps1_5_stata_log.log
  log type:  text
 opened on:  27 Jun 2016, 15:13:43

. do "C:\Users\davidb\AppData\Local\Temp\STD05000000.tmp"

. cd U:/classes/gu_macrometrics
U:\classes\gu_macrometrics

. clear

. set more off

. import excel "U:\classes\gu_macrometrics\data\ps1_p5_data.xls", sheet("FRED Graph") cellrange(A12:C289) firstrow

. 
. gen q = quarter(observation)

. gen y = year(observation)

. sort y q

. 
. gen unemp = UNRATE
(4 missing values generated)

. gen infl = 100*((GDPDEF/GDPDEF[_n-1])^4-1)
(1 missing value generated)

. 
. drop if y<1948 | y>2007
(37 observations deleted)

. gen t = _n

. order t observation y q

. tsset t
        time variable:  t, 1 to 240
                delta:  1 unit

. 
. * a) Pure AR
. foreach i of numlist 1/10 {
  2. reg infl L(1/`i').infl if t>10
  3. est store fit_ar`i'
  4. }

      Source |       SS       df       MS              Number of obs =     230
-------------+------------------------------           F(  1,   228) =  338.96
       Model |  918.734074     1  918.734074           Prob > F      =  0.0000
    Residual |  617.974402   228  2.71041405           R-squared     =  0.5979
-------------+------------------------------           Adj R-squared =  0.5961
       Total |  1536.70848   229  6.71051737           Root MSE      =  1.6463

------------------------------------------------------------------------------
        infl |      Coef.   Std. Err.      t    P>|t|     [95% Conf. Interval]
-------------+----------------------------------------------------------------
        infl |
         L1. |   .7728974   .0419802    18.41   0.000     .6901786    .8556162
             |
       _cons |   .8034921    .183759     4.37   0.000     .4414091    1.165575
------------------------------------------------------------------------------

      Source |       SS       df       MS              Number of obs =     230
-------------+------------------------------           F(  2,   227) =  191.09
       Model |  964.075617     2  482.037809           Prob > F      =  0.0000
    Residual |  572.632859   227  2.52261171           R-squared     =  0.6274
-------------+------------------------------           Adj R-squared =  0.6241
       Total |  1536.70848   229  6.71051737           Root MSE      =  1.5883

------------------------------------------------------------------------------
        infl |      Coef.   Std. Err.      t    P>|t|     [95% Conf. Interval]
-------------+----------------------------------------------------------------
        infl |
         L1. |   .5638391   .0638107     8.84   0.000      .438102    .6895762
         L2. |   .2692732   .0635141     4.24   0.000     .1441206    .3944258
             |
       _cons |   .5934232   .1840729     3.22   0.001     .2307132    .9561331
------------------------------------------------------------------------------

      Source |       SS       df       MS              Number of obs =     230
-------------+------------------------------           F(  3,   226) =  129.37
       Model |  971.177425     3  323.725808           Prob > F      =  0.0000
    Residual |  565.531052   226  2.50234979           R-squared     =  0.6320
-------------+------------------------------           Adj R-squared =  0.6271
       Total |  1536.70848   229  6.71051737           Root MSE      =  1.5819

------------------------------------------------------------------------------
        infl |      Coef.   Std. Err.      t    P>|t|     [95% Conf. Interval]
-------------+----------------------------------------------------------------
        infl |
         L1. |   .5337076   .0660228     8.08   0.000     .4036086    .6638066
         L2. |   .2064688   .0734266     2.81   0.005     .0617805    .3511571
         L3. |   .1107206   .0657231     1.68   0.093    -.0187878     .240229
             |
       _cons |   .5320299   .1869191     2.85   0.005     .1637029     .900357
------------------------------------------------------------------------------

      Source |       SS       df       MS              Number of obs =     230
-------------+------------------------------           F(  4,   225) =   96.79
       Model |   971.87813     4  242.969533           Prob > F      =  0.0000
    Residual |  564.830346   225  2.51035709           R-squared     =  0.6324
-------------+------------------------------           Adj R-squared =  0.6259
       Total |  1536.70848   229  6.71051737           Root MSE      =  1.5844

------------------------------------------------------------------------------
        infl |      Coef.   Std. Err.      t    P>|t|     [95% Conf. Interval]
-------------+----------------------------------------------------------------
        infl |
         L1. |   .5374635   .0665094     8.08   0.000     .4064025    .6685244
         L2. |    .214296   .0750214     2.86   0.005     .0664616    .3621304
         L3. |   .1294694   .0747844     1.73   0.085    -.0178979    .2768367
         L4. |  -.0349623    .066176    -0.53   0.598    -.1653662    .0954416
             |
       _cons |   .5471568   .1893946     2.89   0.004     .1739427    .9203709
------------------------------------------------------------------------------

      Source |       SS       df       MS              Number of obs =     230
-------------+------------------------------           F(  5,   224) =   77.21
       Model |  972.458258     5  194.491652           Prob > F      =  0.0000
    Residual |  564.250218   224  2.51897419           R-squared     =  0.6328
-------------+------------------------------           Adj R-squared =  0.6246
       Total |  1536.70848   229  6.71051737           Root MSE      =  1.5871

------------------------------------------------------------------------------
        infl |      Coef.   Std. Err.      t    P>|t|     [95% Conf. Interval]
-------------+----------------------------------------------------------------
        infl |
         L1. |   .5360163   .0666916     8.04   0.000      .404593    .6674395
         L2. |   .2184432   .0756453     2.89   0.004     .0693758    .3675106
         L3. |   .1364804   .0763239     1.79   0.075    -.0139242    .2868851
         L4. |  -.0170971   .0760272    -0.22   0.822    -.1669172    .1327229
         L5. |  -.0316854   .0660251    -0.48   0.632    -.1617953    .0984245
             |
       _cons |   .5604481   .1917303     2.92   0.004     .1826222    .9382739
------------------------------------------------------------------------------

      Source |       SS       df       MS              Number of obs =     230
-------------+------------------------------           F(  6,   223) =   64.88
       Model |  977.035366     6  162.839228           Prob > F      =  0.0000
    Residual |  559.673111   223  2.50974489           R-squared     =  0.6358
-------------+------------------------------           Adj R-squared =  0.6260
       Total |  1536.70848   229  6.71051737           Root MSE      =  1.5842

------------------------------------------------------------------------------
        infl |      Coef.   Std. Err.      t    P>|t|     [95% Conf. Interval]
-------------+----------------------------------------------------------------
        infl |
         L1. |    .538835   .0666021     8.09   0.000     .4075851     .670085
         L2. |   .2209315   .0755291     2.93   0.004     .0720895    .3697735
         L3. |   .1241358   .0767304     1.62   0.107    -.0270735    .2753452
         L4. |  -.0369564   .0772995    -0.48   0.633    -.1892874    .1153745
         L5. |   -.081832   .0756453    -1.08   0.281    -.2309031    .0672391
         L6. |   .0890537   .0659434     1.35   0.178    -.0408982    .2190057
             |
       _cons |   .5215271   .1935367     2.69   0.008     .1401323     .902922
------------------------------------------------------------------------------

      Source |       SS       df       MS              Number of obs =     230
-------------+------------------------------           F(  7,   222) =   55.45
       Model |  977.558127     7  139.651161           Prob > F      =  0.0000
    Residual |   559.15035   222  2.51869527           R-squared     =  0.6361
-------------+------------------------------           Adj R-squared =  0.6247
       Total |  1536.70848   229  6.71051737           Root MSE      =   1.587

------------------------------------------------------------------------------
        infl |      Coef.   Std. Err.      t    P>|t|     [95% Conf. Interval]
-------------+----------------------------------------------------------------
        infl |
         L1. |   .5417921   .0670357     8.08   0.000     .4096844    .6738998
         L2. |   .2183284    .075879     2.88   0.004     .0687929    .3678638
         L3. |   .1229983   .0769076     1.60   0.111     -.028564    .2745607
         L4. |  -.0333913   .0778316    -0.43   0.668    -.1867746    .1199921
         L5. |  -.0755358     .07703    -0.98   0.328    -.2273393    .0762678
         L6. |   .1060522   .0758697     1.40   0.164    -.0434648    .2555692
         L7. |  -.0300026    .065856    -0.46   0.649    -.1597856    .0997803
             |
       _cons |   .5345023   .1959622     2.73   0.007     .1483182    .9206864
------------------------------------------------------------------------------

      Source |       SS       df       MS              Number of obs =     230
-------------+------------------------------           F(  8,   221) =   52.58
       Model |  1007.43063     8  125.928829           Prob > F      =  0.0000
    Residual |  529.277848   221  2.39492239           R-squared     =  0.6556
-------------+------------------------------           Adj R-squared =  0.6431
       Total |  1536.70848   229  6.71051737           Root MSE      =  1.5476

------------------------------------------------------------------------------
        infl |      Coef.   Std. Err.      t    P>|t|     [95% Conf. Interval]
-------------+----------------------------------------------------------------
        infl |
         L1. |   .5454393    .065376     8.34   0.000     .4165992    .6742794
         L2. |   .1963317   .0742528     2.64   0.009     .0499974    .3426659
         L3. |   .1347886   .0750684     1.80   0.074    -.0131528    .2827301
         L4. |   -.022068   .0759628    -0.29   0.772    -.1717722    .1276362
         L5. |  -.0907848   .0752375    -1.21   0.229    -.2390594    .0574899
         L6. |   .0650411   .0748878     0.87   0.386    -.0825445    .2126268
         L7. |  -.1616247   .0742483    -2.18   0.031      -.30795   -.0152995
         L8. |   .2173527   .0615425     3.53   0.001     .0960675    .3386379
             |
       _cons |   .4137197   .1941228     2.13   0.034      .031151    .7962884
------------------------------------------------------------------------------

      Source |       SS       df       MS              Number of obs =     230
-------------+------------------------------           F(  9,   220) =   46.70
       Model |   1008.7027     9  112.078078           Prob > F      =  0.0000
    Residual |  528.005778   220  2.40002627           R-squared     =  0.6564
-------------+------------------------------           Adj R-squared =  0.6423
       Total |  1536.70848   229  6.71051737           Root MSE      =  1.5492

------------------------------------------------------------------------------
        infl |      Coef.   Std. Err.      t    P>|t|     [95% Conf. Interval]
-------------+----------------------------------------------------------------
        infl |
         L1. |   .5343754   .0671869     7.95   0.000     .4019632    .6667877
         L2. |   .2028752   .0748733     2.71   0.007     .0553144     .350436
         L3. |   .1330403   .0751867     1.77   0.078    -.0151381    .2812186
         L4. |  -.0183481   .0762152    -0.24   0.810    -.1685535    .1318572
         L5. |  -.0895763   .0753359    -1.19   0.236    -.2380487     .058896
         L6. |   .0604695   .0752301     0.80   0.422    -.0877944    .2087334
         L7. |   -.169288    .075069    -2.26   0.025    -.3172344   -.0213416
         L8. |   .1904144   .0718657     2.65   0.009      .048781    .3320477
         L9. |   .0459158   .0630688     0.73   0.467    -.0783806    .1702121
             |
       _cons |   .3951825   .1959905     2.02   0.045     .0089233    .7814417
------------------------------------------------------------------------------

      Source |       SS       df       MS              Number of obs =     230
-------------+------------------------------           F( 10,   219) =   42.38
       Model |  1013.18836    10  101.318836           Prob > F      =  0.0000
    Residual |  523.520113   219   2.3905028           R-squared     =  0.6593
-------------+------------------------------           Adj R-squared =  0.6438
       Total |  1536.70848   229  6.71051737           Root MSE      =  1.5461

------------------------------------------------------------------------------
        infl |      Coef.   Std. Err.      t    P>|t|     [95% Conf. Interval]
-------------+----------------------------------------------------------------
        infl |
         L1. |   .5300082   .0671292     7.90   0.000     .3977062    .6623101
         L2. |   .1841254   .0759679     2.42   0.016     .0344036    .3338472
         L3. |   .1465054   .0756785     1.94   0.054    -.0026459    .2956568
         L4. |  -.0207623   .0760842    -0.27   0.785    -.1707133    .1291887
         L5. |  -.0835511   .0753148    -1.11   0.268    -.2319857    .0648835
         L6. |   .0620054   .0750891     0.83   0.410    -.0859843    .2099951
         L7. |  -.1776573   .0751686    -2.36   0.019    -.3258038   -.0295108
         L8. |   .1763262   .0724566     2.43   0.016     .0335247    .3191277
         L9. |  -.0040026   .0727313    -0.06   0.956    -.1473455    .1393403
        L10. |   .0863198   .0630147     1.37   0.172     -.037873    .2105126
             |
       _cons |   .3634989   .1969641     1.85   0.066    -.0246887    .7516866
------------------------------------------------------------------------------

. esttab fit_ar*, se stats(N aic bic)

----------------------------------------------------------------------------------------------------------------------------------------------------------------------------
                      (1)             (2)             (3)             (4)             (5)             (6)             (7)             (8)             (9)            (10)   
                     infl            infl            infl            infl            infl            infl            infl            infl            infl            infl   
----------------------------------------------------------------------------------------------------------------------------------------------------------------------------
L.infl              0.773***        0.564***        0.534***        0.537***        0.536***        0.539***        0.542***        0.545***        0.534***        0.530***
                 (0.0420)        (0.0638)        (0.0660)        (0.0665)        (0.0667)        (0.0666)        (0.0670)        (0.0654)        (0.0672)        (0.0671)   

L2.infl                             0.269***        0.206**         0.214**         0.218**         0.221**         0.218**         0.196**         0.203**         0.184*  
                                 (0.0635)        (0.0734)        (0.0750)        (0.0756)        (0.0755)        (0.0759)        (0.0743)        (0.0749)        (0.0760)   

L3.infl                                             0.111           0.129           0.136           0.124           0.123           0.135           0.133           0.147   
                                                 (0.0657)        (0.0748)        (0.0763)        (0.0767)        (0.0769)        (0.0751)        (0.0752)        (0.0757)   

L4.infl                                                           -0.0350         -0.0171         -0.0370         -0.0334         -0.0221         -0.0183         -0.0208   
                                                                 (0.0662)        (0.0760)        (0.0773)        (0.0778)        (0.0760)        (0.0762)        (0.0761)   

L5.infl                                                                           -0.0317         -0.0818         -0.0755         -0.0908         -0.0896         -0.0836   
                                                                                 (0.0660)        (0.0756)        (0.0770)        (0.0752)        (0.0753)        (0.0753)   

L6.infl                                                                                            0.0891           0.106          0.0650          0.0605          0.0620   
                                                                                                 (0.0659)        (0.0759)        (0.0749)        (0.0752)        (0.0751)   

L7.infl                                                                                                           -0.0300          -0.162*         -0.169*         -0.178*  
                                                                                                                 (0.0659)        (0.0742)        (0.0751)        (0.0752)   

L8.infl                                                                                                                             0.217***        0.190**         0.176*  
                                                                                                                                 (0.0615)        (0.0719)        (0.0725)   

L9.infl                                                                                                                                            0.0459        -0.00400   
                                                                                                                                                 (0.0631)        (0.0727)   

L10.infl                                                                                                                                                           0.0863   
                                                                                                                                                                 (0.0630)   

_cons               0.803***        0.593**         0.532**         0.547**         0.560**         0.522**         0.535**         0.414*          0.395*          0.363   
                  (0.184)         (0.184)         (0.187)         (0.189)         (0.192)         (0.194)         (0.196)         (0.194)         (0.196)         (0.197)   
----------------------------------------------------------------------------------------------------------------------------------------------------------------------------
N                     230             230             230             230             230             230             230             230             230             230   
aic                 884.0           868.5           867.6           869.4           871.1           871.2           873.0           862.4           863.8           863.9   
bic                 890.9           878.8           881.4           886.5           891.7           895.3           900.5           893.3           898.2           901.7   
----------------------------------------------------------------------------------------------------------------------------------------------------------------------------
Standard errors in parentheses
* p<0.05, ** p<0.01, *** p<0.001

. varsoc infl, maxlag(10)

   Selection-order criteria
   Sample:  11 - 240                            Number of obs      =       230
  +---------------------------------------------------------------------------+
  |lag |    LL      LR      df    p      FPE       AIC      HQIC      SBIC    |
  |----+----------------------------------------------------------------------|
  |  0 | -544.778                      6.73969   4.74589   4.75192   4.76084  |
  |  1 | -440.018  209.52    1  0.000  2.73398   3.84364    3.8557   3.87353  |
  |  2 | -431.255  17.527    1  0.000  2.55552   3.77613   3.79422*  3.82097* |
  |  3 |  -429.82  2.8703    1  0.090  2.54587   3.77235   3.79646   3.83214  |
  |  4 | -429.677  .28515    1  0.593  2.56493    3.7798   3.80995   3.85454  |
  |  5 | -429.559  .23635    1  0.627  2.58469   3.78747   3.82365   3.87716  |
  |  6 | -428.622  1.8733    1  0.171  2.58613   3.78802   3.83023   3.89266  |
  |  7 | -428.515  .21493    1  0.643   2.6063   3.79578   3.84402   3.91537  |
  |  8 | -422.201  12.628*   1  0.000  2.48864*  3.74957*  3.80384   3.88411  |
  |  9 | -421.924  .55345    1  0.457  2.50438   3.75586   3.81616   3.90534  |
  | 10 | -420.943  1.9623    1  0.161  2.50483   3.75603   3.82235   3.92046  |
  +---------------------------------------------------------------------------+
   Endogenous:  infl
    Exogenous:  _cons

. //--> the AIC suggests an optimal lag of 8; varsoc agrees
. 
. //but let's just restrict attention to the first 5 lags
. foreach i of numlist 1/5 {
  2. reg infl L(1/`i').infl if t>5
  3. est store fit_ar`i'
  4. }

      Source |       SS       df       MS              Number of obs =     235
-------------+------------------------------           F(  1,   233) =  375.55
       Model |  1021.91017     1  1021.91017           Prob > F      =  0.0000
    Residual |  634.013161   233  2.72108653           R-squared     =  0.6171
-------------+------------------------------           Adj R-squared =  0.6155
       Total |  1655.92333   234  7.07659542           Root MSE      =  1.6496

------------------------------------------------------------------------------
        infl |      Coef.   Std. Err.      t    P>|t|     [95% Conf. Interval]
-------------+----------------------------------------------------------------
        infl |
         L1. |   .7791404    .040205    19.38   0.000     .6999285    .8583523
             |
       _cons |   .7716022   .1745984     4.42   0.000     .4276089    1.115596
------------------------------------------------------------------------------

      Source |       SS       df       MS              Number of obs =     235
-------------+------------------------------           F(  2,   232) =  208.24
       Model |  1063.49485     2  531.747424           Prob > F      =  0.0000
    Residual |  592.428479   232  2.55357103           R-squared     =  0.6422
-------------+------------------------------           Adj R-squared =  0.6392
       Total |  1655.92333   234  7.07659542           Root MSE      =   1.598

------------------------------------------------------------------------------
        infl |      Coef.   Std. Err.      t    P>|t|     [95% Conf. Interval]
-------------+----------------------------------------------------------------
        infl |
         L1. |   .5805548   .0627581     9.25   0.000     .4569062    .7042034
         L2. |   .2532047    .062745     4.04   0.000     .1295819    .3768276
             |
       _cons |   .5849894   .1753464     3.34   0.001     .2395147    .9304642
------------------------------------------------------------------------------

      Source |       SS       df       MS              Number of obs =     235
-------------+------------------------------           F(  3,   231) =  139.13
       Model |  1065.96284     3  355.320948           Prob > F      =  0.0000
    Residual |  589.960484   231  2.55394149           R-squared     =  0.6437
-------------+------------------------------           Adj R-squared =  0.6391
       Total |  1655.92333   234  7.07659542           Root MSE      =  1.5981

------------------------------------------------------------------------------
        infl |      Coef.   Std. Err.      t    P>|t|     [95% Conf. Interval]
-------------+----------------------------------------------------------------
        infl |
         L1. |    .567088   .0642403     8.83   0.000     .4405162    .6936599
         L2. |   .2159579   .0733017     2.95   0.004     .0715325    .3603833
         L3. |   .0615165   .0625784     0.98   0.327     -.061781    .1848139
             |
       _cons |   .5466578   .1796421     3.04   0.003     .1927113    .9006043
------------------------------------------------------------------------------

      Source |       SS       df       MS              Number of obs =     235
-------------+------------------------------           F(  4,   230) =  103.99
       Model |  1066.30468     4   266.57617           Prob > F      =  0.0000
    Residual |  589.618646   230  2.56355933           R-squared     =  0.6439
-------------+------------------------------           Adj R-squared =  0.6377
       Total |  1655.92333   234  7.07659542           Root MSE      =  1.6011

------------------------------------------------------------------------------
        infl |      Coef.   Std. Err.      t    P>|t|     [95% Conf. Interval]
-------------+----------------------------------------------------------------
        infl |
         L1. |   .5689504   .0645629     8.81   0.000     .4417401    .6961608
         L2. |   .2202735   .0743844     2.96   0.003     .0737115    .3668355
         L3. |   .0746431   .0722704     1.03   0.303    -.0677536    .2170398
         L4. |  -.0229981   .0629801    -0.37   0.715    -.1470897    .1010936
             |
       _cons |   .5594131   .1833384     3.05   0.003     .1981757    .9206505
------------------------------------------------------------------------------

      Source |       SS       df       MS              Number of obs =     235
-------------+------------------------------           F(  5,   229) =   82.83
       Model |  1066.30922     5  213.261844           Prob > F      =  0.0000
    Residual |  589.614107   229  2.57473409           R-squared     =  0.6439
-------------+------------------------------           Adj R-squared =  0.6362
       Total |  1655.92333   234  7.07659542           Root MSE      =  1.6046

------------------------------------------------------------------------------
        infl |      Coef.   Std. Err.      t    P>|t|     [95% Conf. Interval]
-------------+----------------------------------------------------------------
        infl |
         L1. |   .5689035   .0647131     8.79   0.000     .4413942    .6964128
         L2. |   .2205212   .0747795     2.95   0.004     .0731773    .3678651
         L3. |   .0751137   .0732899     1.02   0.306     -.069295    .2195225
         L4. |  -.0214475   .0731271    -0.29   0.770    -.1655355    .1226405
         L5. |  -.0026597   .0633433    -0.04   0.967    -.1274699    .1221506
             |
       _cons |   .5609389   .1872967     2.99   0.003     .1918938     .929984
------------------------------------------------------------------------------

. esttab fit_ar*, se stats(N aic bic)

----------------------------------------------------------------------------------------------------------------------------------------------------------------------------
                      (1)             (2)             (3)             (4)             (5)             (6)             (7)             (8)             (9)            (10)   
                     infl            infl            infl            infl            infl            infl            infl            infl            infl            infl   
----------------------------------------------------------------------------------------------------------------------------------------------------------------------------
L.infl              0.779***        0.581***        0.567***        0.569***        0.569***        0.539***        0.542***        0.545***        0.534***        0.530***
                 (0.0402)        (0.0628)        (0.0642)        (0.0646)        (0.0647)        (0.0666)        (0.0670)        (0.0654)        (0.0672)        (0.0671)   

L2.infl                             0.253***        0.216**         0.220**         0.221**         0.221**         0.218**         0.196**         0.203**         0.184*  
                                 (0.0627)        (0.0733)        (0.0744)        (0.0748)        (0.0755)        (0.0759)        (0.0743)        (0.0749)        (0.0760)   

L3.infl                                            0.0615          0.0746          0.0751           0.124           0.123           0.135           0.133           0.147   
                                                 (0.0626)        (0.0723)        (0.0733)        (0.0767)        (0.0769)        (0.0751)        (0.0752)        (0.0757)   

L4.infl                                                           -0.0230         -0.0214         -0.0370         -0.0334         -0.0221         -0.0183         -0.0208   
                                                                 (0.0630)        (0.0731)        (0.0773)        (0.0778)        (0.0760)        (0.0762)        (0.0761)   

L5.infl                                                                          -0.00266         -0.0818         -0.0755         -0.0908         -0.0896         -0.0836   
                                                                                 (0.0633)        (0.0756)        (0.0770)        (0.0752)        (0.0753)        (0.0753)   

L6.infl                                                                                            0.0891           0.106          0.0650          0.0605          0.0620   
                                                                                                 (0.0659)        (0.0759)        (0.0749)        (0.0752)        (0.0751)   

L7.infl                                                                                                           -0.0300          -0.162*         -0.169*         -0.178*  
                                                                                                                 (0.0659)        (0.0742)        (0.0751)        (0.0752)   

L8.infl                                                                                                                             0.217***        0.190**         0.176*  
                                                                                                                                 (0.0615)        (0.0719)        (0.0725)   

L9.infl                                                                                                                                            0.0459        -0.00400   
                                                                                                                                                 (0.0631)        (0.0727)   

L10.infl                                                                                                                                                           0.0863   
                                                                                                                                                                 (0.0630)   

_cons               0.772***        0.585***        0.547**         0.559**         0.561**         0.522**         0.535**         0.414*          0.395*          0.363   
                  (0.175)         (0.175)         (0.180)         (0.183)         (0.187)         (0.194)         (0.196)         (0.194)         (0.196)         (0.197)   
----------------------------------------------------------------------------------------------------------------------------------------------------------------------------
N                     235             235             235             235             235             230             230             230             230             230   
aic                 904.1           890.2           891.2           893.1           895.1           871.2           873.0           862.4           863.8           863.9   
bic                 911.1           900.6           905.0           910.4           915.8           895.3           900.5           893.3           898.2           901.7   
----------------------------------------------------------------------------------------------------------------------------------------------------------------------------
Standard errors in parentheses
* p<0.05, ** p<0.01, *** p<0.001

. varsoc infl, maxlag(5)

   Selection-order criteria
   Sample:  6 - 240                             Number of obs      =       235
  +---------------------------------------------------------------------------+
  |lag |    LL      LR      df    p      FPE       AIC      HQIC      SBIC    |
  |----+----------------------------------------------------------------------|
  |  0 | -562.873                      7.10671   4.79892   4.80485   4.81364  |
  |  1 | -450.067  225.61    1  0.000  2.74424   3.84738   3.85925   3.87683  |
  |  2 | -442.096  15.942*   1  0.000  2.58617*  3.78805*  3.80586*  3.83222* |
  |  3 | -441.606  .98103    1  0.322  2.59741   3.79239   3.81613   3.85128  |
  |  4 | -441.538   .1362    1  0.712   2.6181   3.80032      3.83   3.87393  |
  |  5 | -441.537  .00181    1  0.966  2.64047   3.80882   3.84443   3.89715  |
  +---------------------------------------------------------------------------+
   Endogenous:  infl
    Exogenous:  _cons

. //---> optimal lag is 2; again, varsoc agrees
. 
. * b) SB
. cap drop period2 *Xper2

. gen period2 = y>=1984

. gen l1inflXper2 = L1.infl * period2
(1 missing value generated)

. gen l2inflXper2 = L2.infl * period2
(2 missing values generated)

. reg infl L(1/2).infl period2 l1inflXper2 l2inflXper2

      Source |       SS       df       MS              Number of obs =     238
-------------+------------------------------           F(  5,   232) =   75.18
       Model |  1056.48996     5  211.297992           Prob > F      =  0.0000
    Residual |  652.084954   232  2.81071101           R-squared     =  0.6183
-------------+------------------------------           Adj R-squared =  0.6101
       Total |  1708.57491   237  7.20917684           Root MSE      =  1.6765

------------------------------------------------------------------------------
        infl |      Coef.   Std. Err.      t    P>|t|     [95% Conf. Interval]
-------------+----------------------------------------------------------------
        infl |
         L1. |   .6015547   .0668889     8.99   0.000     .4697674     .733342
         L2. |   .2078769   .0668715     3.11   0.002      .076124    .3396299
             |
     period2 |  -.0868333   .5906254    -0.15   0.883    -1.250508    1.076842
 l1inflXper2 |   -.187806   .2355095    -0.80   0.426    -.6518167    .2762046
 l2inflXper2 |   .0981387   .2333497     0.42   0.674    -.3616167    .5578941
       _cons |   .7689874    .234422     3.28   0.001     .3071194    1.230856
------------------------------------------------------------------------------

. test period2 l1inflXper2 l2inflXper2

 ( 1)  period2 = 0
 ( 2)  l1inflXper2 = 0
 ( 3)  l2inflXper2 = 0

       F(  3,   232) =    0.83
            Prob > F =    0.4765

. //---> fail to reject --> no evidence for break
. 
. * c) Phillips Model
. foreach i of numlist 1/10{
  2. qui reg infl L(1/`i').infl L(1/`i').unemp if t>10
  3. est store fit_phil`i'
  4. }

. esttab fit_phil? fit_phil10, se stats(N aic bic)

----------------------------------------------------------------------------------------------------------------------------------------------------------------------------
                      (1)             (2)             (3)             (4)             (5)             (6)             (7)             (8)             (9)            (10)   
                     infl            infl            infl            infl            infl            infl            infl            infl            infl            infl   
----------------------------------------------------------------------------------------------------------------------------------------------------------------------------
L.infl              0.767***        0.560***        0.521***        0.533***        0.540***        0.548***        0.548***        0.549***        0.542***        0.530***
                 (0.0430)        (0.0639)        (0.0661)        (0.0668)        (0.0674)        (0.0671)        (0.0683)        (0.0669)        (0.0686)        (0.0687)   

L2.infl                             0.279***        0.210**         0.215**         0.208**         0.192*          0.192*          0.168*          0.173*          0.157*  
                                 (0.0646)        (0.0733)        (0.0745)        (0.0760)        (0.0761)        (0.0770)        (0.0761)        (0.0766)        (0.0777)   

L3.infl                                             0.131           0.135           0.137           0.141           0.138           0.149           0.157*          0.173*  
                                                 (0.0671)        (0.0745)        (0.0760)        (0.0765)        (0.0772)        (0.0762)        (0.0767)        (0.0770)   

L4.infl                                                           -0.0204         -0.0122         -0.0277         -0.0220         -0.0191         -0.0270         -0.0200   
                                                                 (0.0682)        (0.0764)        (0.0770)        (0.0784)        (0.0773)        (0.0780)        (0.0784)   

L5.infl                                                                           -0.0130         -0.0539         -0.0495         -0.0592         -0.0508         -0.0544   
                                                                                 (0.0679)        (0.0757)        (0.0771)        (0.0763)        (0.0766)        (0.0771)   

L6.infl                                                                                            0.0802          0.0931          0.0584          0.0420          0.0489   
                                                                                                 (0.0679)        (0.0762)        (0.0753)        (0.0763)        (0.0763)   

L7.infl                                                                                                           -0.0256          -0.135          -0.141          -0.160*  
                                                                                                                 (0.0683)        (0.0749)        (0.0755)        (0.0760)   

L8.infl                                                                                                                             0.212**         0.188*          0.173*  
                                                                                                                                 (0.0647)        (0.0727)        (0.0729)   

L9.infl                                                                                                                                            0.0481        -0.00479   
                                                                                                                                                 (0.0661)        (0.0734)   

L10.infl                                                                                                                                                            0.111   
                                                                                                                                                                 (0.0660)   

L.unemp            0.0460          -0.348          -0.121         -0.0384         -0.0636         -0.0530         -0.0557         -0.0653         -0.0908          -0.144   
                 (0.0741)         (0.285)         (0.367)         (0.373)         (0.375)         (0.376)         (0.381)         (0.374)         (0.374)         (0.380)   

L2.unemp                            0.362          -0.362          -0.861          -0.848          -0.814          -0.787          -0.847          -0.798          -0.761   
                                  (0.282)         (0.635)         (0.697)         (0.700)         (0.698)         (0.709)         (0.695)         (0.696)         (0.702)   

L3.unemp                                            0.503           1.506*          1.751*          1.690*          1.664*          1.665*          1.672*          1.700*  
                                                  (0.359)         (0.688)         (0.746)         (0.745)         (0.751)         (0.742)         (0.744)         (0.742)   

L4.unemp                                                           -0.613          -1.154          -1.622*         -1.591*         -1.515*         -1.633*         -1.644*  
                                                                  (0.358)         (0.698)         (0.751)         (0.758)         (0.745)         (0.753)         (0.751)   

L5.unemp                                                                            0.326           1.407*          1.317           1.116           1.199           1.084   
                                                                                  (0.361)         (0.698)         (0.765)         (0.753)         (0.756)         (0.763)   

L6.unemp                                                                                           -0.642          -0.483          -0.544          -0.622          -0.516   
                                                                                                  (0.358)         (0.715)         (0.763)         (0.765)         (0.767)   

L7.unemp                                                                                                          -0.0972           0.296           0.660           0.532   
                                                                                                                  (0.365)         (0.701)         (0.761)         (0.761)   

L8.unemp                                                                                                                           -0.204          -0.900          -0.577   
                                                                                                                                  (0.357)         (0.697)         (0.757)   

L9.unemp                                                                                                                                            0.421          -0.130   
                                                                                                                                                  (0.356)         (0.706)   

L10.unemp                                                                                                                                                           0.342   
                                                                                                                                                                  (0.362)   

_cons               0.565           0.489           0.378           0.520           0.435           0.622           0.627           0.823           0.762           0.807   
                  (0.426)         (0.414)         (0.424)         (0.433)         (0.444)         (0.450)         (0.463)         (0.465)         (0.478)         (0.486)   
----------------------------------------------------------------------------------------------------------------------------------------------------------------------------
N                     230             230             230             230             230             230             230             230             230             230   
aic                 885.6           870.8           869.2           870.1           873.2           872.1           875.9           868.2           870.1           870.0   
bic                 896.0           888.0           893.2           901.0           911.0           916.8           927.5           926.7           935.4           942.2   
----------------------------------------------------------------------------------------------------------------------------------------------------------------------------
Standard errors in parentheses
* p<0.05, ** p<0.01, *** p<0.001

. //--->optimal lags are 8
. 
. * d) Phillips break
. reg infl L(1/8).infl L(1/8).unemp if y<1990

      Source |       SS       df       MS              Number of obs =     160
-------------+------------------------------           F( 16,   143) =   16.61
       Model |  880.112993    16  55.0070621           Prob > F      =  0.0000
    Residual |  473.712376   143  3.31267396           R-squared     =  0.6501
-------------+------------------------------           Adj R-squared =  0.6109
       Total |  1353.82537   159  8.51462496           Root MSE      =  1.8201

------------------------------------------------------------------------------
        infl |      Coef.   Std. Err.      t    P>|t|     [95% Conf. Interval]
-------------+----------------------------------------------------------------
        infl |
         L1. |   .5484757   .0814838     6.73   0.000     .3874073    .7095441
         L2. |   .1768089   .0929436     1.90   0.059    -.0069119    .3605297
         L3. |    .151487   .0917674     1.65   0.101    -.0299088    .3328828
         L4. |  -.0527757   .0925064    -0.57   0.569    -.2356325     .130081
         L5. |  -.0592625   .0924342    -0.64   0.522    -.2419765    .1234516
         L6. |   .0398658   .0883762     0.45   0.653    -.1348268    .2145584
         L7. |  -.1064036   .0875513    -1.22   0.226    -.2794655    .0666583
         L8. |   .2050158   .0783239     2.62   0.010     .0501936     .359838
             |
       unemp |
         L1. |   .0700538   .4727805     0.15   0.882    -.8644876    1.004595
         L2. |  -1.106245   .8899779    -1.24   0.216    -2.865458    .6529673
         L3. |     1.8076   .9661339     1.87   0.063    -.1021495    3.717349
         L4. |   -1.49031    .971678    -1.53   0.127    -3.411018    .4303986
         L5. |    1.15882     .97014     1.19   0.234    -.7588486    3.076488
         L6. |  -.7237746   .9706275    -0.75   0.457    -2.642406    1.194857
         L7. |   .3891677   .8842862     0.44   0.661    -1.358794    2.137129
         L8. |  -.2024571   .4460411    -0.45   0.651    -1.084143    .6792289
             |
       _cons |   .9747969   .5954445     1.64   0.104    -.2022135    2.151807
------------------------------------------------------------------------------

. est store fit_phil_per1

. test L1.unemp + L2.unemp + L3.unemp + L4.unemp + L5.unemp + L6.unemp + L7.unemp + L8.unemp= 0 //fail to reject 

 ( 1)  L.unemp + L2.unemp + L3.unemp + L4.unemp + L5.unemp + L6.unemp + L7.unemp + L8.unemp = 0

       F(  1,   143) =    0.74
            Prob > F =    0.3907

. reg infl L(1/8).infl L(1/8).unemp if y>=1990

      Source |       SS       df       MS              Number of obs =      72
-------------+------------------------------           F( 16,    55) =    4.00
       Model |  28.9616563    16  1.81010352           Prob > F      =  0.0001
    Residual |  24.8856994    55  .452467262           R-squared     =  0.5378
-------------+------------------------------           Adj R-squared =  0.4034
       Total |  53.8473557    71   .75841346           Root MSE      =  .67266

------------------------------------------------------------------------------
        infl |      Coef.   Std. Err.      t    P>|t|     [95% Conf. Interval]
-------------+----------------------------------------------------------------
        infl |
         L1. |   .2788503   .1351106     2.06   0.044     .0080826     .549618
         L2. |   .0778461   .1380273     0.56   0.575    -.1987669     .354459
         L3. |   .2680959   .1430888     1.87   0.066    -.0186604    .5548522
         L4. |   .3369111   .1544309     2.18   0.033     .0274247    .6463975
         L5. |  -.0744262   .1662202    -0.45   0.656    -.4075389    .2586865
         L6. |   .1383206   .1563066     0.88   0.380    -.1749248    .4515661
         L7. |  -.2058696   .1574823    -1.31   0.197    -.5214712    .1097319
         L8. |   .0782853   .1489958     0.53   0.601    -.2203089    .3768795
             |
       unemp |
         L1. |  -1.247141   .5627092    -2.22   0.031    -2.374835    -.119446
         L2. |   .6845534    .895888     0.76   0.448    -1.110846    2.479953
         L3. |   1.505794   .8960467     1.68   0.099    -.2899233    3.301512
         L4. |  -1.723308   .8806236    -1.96   0.055    -3.488117    .0415013
         L5. |   1.113734   .9278115     1.20   0.235     -.745642     2.97311
         L6. |   -.204363   .9657901    -0.21   0.833     -2.13985    1.731124
         L7. |   .1289681   .9423638     0.14   0.892    -1.759571    2.017507
         L8. |  -.3897093   .5529144    -0.70   0.484    -1.497775     .718356
             |
       _cons |    .917057   .6257388     1.47   0.148    -.3369517    2.171066
------------------------------------------------------------------------------

. est store fit_phil_per2

. test L1.unemp + L2.unemp + L3.unemp + L4.unemp + L5.unemp + L6.unemp + L7.unemp + L8.unemp = 0 //fail to reject 

 ( 1)  L.unemp + L2.unemp + L3.unemp + L4.unemp + L5.unemp + L6.unemp + L7.unemp + L8.unemp = 0

       F(  1,    55) =    1.12
            Prob > F =    0.2944

. 
. 
. 
end of do-file

. log close
      name:  <unnamed>
       log:  U:\classes\gu_macrometrics\ps1_5_stata_log.log
  log type:  text
 closed on:  27 Jun 2016, 15:13:57
-----------------------------------------------------------------------------------------------------------------------------------------------------------------------------------
